#./axi_demo/axi_fifo_rd.v
#./axi_demo/axi_fifo_wr.v
#./axi_demo/axi_crossbar_rd.v
#./axi_demo/axi_crossbar_wr.v

# liteX ip
#./open_source_ip/litex_ip/litedram_core.v
#./open_source_ip/litex_ip/liteeth_core.v
#./open_source_ip/litex_ip/litepcie_core.v
#./open_source_ip/litex_ip/litesata_core.v
#./open_source_ip/litex_ip/litesdcard_core.v
#./open_source_ip/litex_ip/litespi_core_axi_lite.v
#./open_source_ip/litex_ip/litespi_core_wishbone.v

# preproc test
#./preproc_demo/./arbiter.v
##./preproc_demo/./priority_encoder.v
#+incdir+./preproc_demo

# opentitan ip
+incdir+./open_source_ip/opentitan_ip

./open_source_ip/opentitan_ip/adc_ctrl.sv
./open_source_ip/opentitan_ip/clkmgr.sv
./open_source_ip/opentitan_ip/flash_ctrl.sv
./open_source_ip/opentitan_ip/i2c.sv
./open_source_ip/opentitan_ip/pwm.sv
./open_source_ip/opentitan_ip/pwrmgr.sv
./open_source_ip/opentitan_ip/rstmgr.sv
./open_source_ip/opentitan_ip/rv_core_ibex.sv
./open_source_ip/opentitan_ip/rv_dm.sv
./open_source_ip/opentitan_ip/rv_plic.sv
./open_source_ip/opentitan_ip/rv_timer.sv
./open_source_ip/opentitan_ip/spi_device.sv
./open_source_ip/opentitan_ip/spi_host.sv
./open_source_ip/opentitan_ip/top_earlgrey.sv
./open_source_ip/opentitan_ip/uart.sv
./open_source_ip/opentitan_ip/usbdev.sv
./open_source_ip/opentitan_ip/xbar_main.sv
./open_source_ip/opentitan_ip/xbar_peri.sv
